{
  "version": "1.0.0-*",

  "dependencies": {
    "Library": "1.0.0-*",
    "Microsoft.NETCore.App": {
      "type": "platform",
      "version": "1.0.0-rc2-3002702"
    },
    "xunit": "2.1.0",
    "dotnet-test-xunit": "1.0.0-rc2-*"
  },
  "testRunner": "xunit",
  "frameworks": {
    "netcoreapp1.0": {
      "imports": [
        "dotnet5.4",
        "portable-net451+win8"
      ]
    }
  }
}
