{
  "version": "1.0.0-*",

  "dependencies": {
    "Microsoft.NETCore.Portable.Compatibility": "1.0.1-rc2-24027",
    "NETStandard.Library": "1.5.0-rc2-24027",
    "Newtonsoft.Json": "8.0.3",
    "System.Runtime.Serialization.Primitives": "4.1.1-rc2-24027"
  },
  "frameworks": {
    "netstandard1.5": {
      "imports": [ "portable-net40+sl5+win8+wp8+wpa81", "dotnet" ]
    }
  }
}
