{
  "version": "1.0.0-*",
  "buildOptions": {
    "emitEntryPoint": true
  },

  "dependencies": {
    "Library": "1.0.0-*",
    "Microsoft.NETCore.App": {
      "type": "platform",
      "version": "1.0.0-rc2-*"
    }
  },

  "frameworks": {
    "netcoreapp1.0": {
      "imports": "dnxcore50"
    }
  }
}
