{
  "version": "1.0.0-*",

  "dependencies": {
    "dotnet-test-xunit": "1.0.0-rc2-build10025",
    "Library": {
      "target": "project",
      "version": "1.0.0-*"
    },
    "Microsoft.NETCore.App": {
      "type": "platform",
      "version": "1.0.0-rc2-3002702"
    },
    "xunit": "2.1.0"
  },
  "testRunner": "xunit",
  "frameworks": {
    "netcoreapp1.0": {
      "imports": [ "dnxcore50", "portable-net45+win8" ]
    }
  }
}
